Microsoft Windows [Version 10.0.22631.3880]
(c) Microsoft Corporation. All rights reserved.

C:\Users\poiut>npx hardhat node
npm error code ENOENT
npm error syscall lstat
npm error path C:\Users\poiut\AppData\Roaming\npm
npm error errno -4058
npm error enoent ENOENT: no such file or directory, lstat 'C:\Users\poiut\AppData\Roaming\npm'
npm error enoent This is related to npm not being able to find a file.
npm error enoent
npm error A complete log of this run can be found in: C:\Users\poiut\AppData\Local\npm-cache\_logs\2024-08-05T14_09_38_897Z-debug-0.log

C:\Users\poiut>npx hardhat run scripts/deploy.js --network localhost
npm error code ENOENT
npm error syscall lstat
npm error path C:\Users\poiut\AppData\Roaming\npm
npm error errno -4058
npm error enoent ENOENT: no such file or directory, lstat 'C:\Users\poiut\AppData\Roaming\npm'
npm error enoent This is related to npm not being able to find a file.
npm error enoent
npm error A complete log of this run can be found in: C:\Users\poiut\AppData\Local\npm-cache\_logs\2024-08-05T14_10_48_512Z-debug-0.log

C:\Users\poiut>cd Documents

C:\Users\poiut\Documents>dir
 Volume in drive C has no label.
 Volume Serial Number is 86AC-EB6E

 Directory of C:\Users\poiut\Documents

08/05/2024  11:19 PM    <DIR>          .
08/03/2024  03:30 PM    <DIR>          ..
08/06/2024  12:03 AM    <DIR>          product-tracking
               0 File(s)              0 bytes
               3 Dir(s)  70,488,727,552 bytes free

C:\Users\poiut\Documents>cd product-tracking

C:\Users\poiut\Documents\product-tracking>npx hardhat run scripts/deploy.js --network localhost
Error HH606: The project cannot be compiled, see reasons below.

The Solidity version pragma statement in these files doesn't match any of the configured compilers inyour config. Change the pragma or configure additional compiler versions in your hardhat config.

  * contracts/Lock.sol (^0.8.24)

To learn more, run the command again with --verbose

Read about compiler configuration at https://hardhat.org/config


For more info go to https://hardhat.org/HH606 or run Hardhat with --show-stack-traces

C:\Users\poiut\Documents\product-tracking>npx hardhat run scripts/deploy.js --network localhost
Downloading compiler 0.8.24
Compiled 2 Solidity files successfully (evm target: paris).
TypeError: Cannot read properties of undefined (reading 'JsonRpcProvider')
    at Object.<anonymous> (C:\Users\poiut\Documents\product-tracking\node_modules\@nomiclabs\hardhat-ethers\src\internal\ethers-provider-wrapper.ts:4:61)
    at Module._compile (node:internal/modules/cjs/loader:1358:14)
    at Object.Module._extensions..js (node:internal/modules/cjs/loader:1416:10)
    at Module.load (node:internal/modules/cjs/loader:1208:32)
    at Function.Module._load (node:internal/modules/cjs/loader:1024:12)
    at Module.require (node:internal/modules/cjs/loader:1233:19)
    at require (node:internal/modules/helpers:179:18)
    at Object.<anonymous> (C:\Users\poiut\Documents\product-tracking\node_modules\@nomiclabs\hardhat-ethers\src\internal\provider-proxy.ts:7:1)
    at Module._compile (node:internal/modules/cjs/loader:1358:14)
    at Object.Module._extensions..js (node:internal/modules/cjs/loader:1416:10)

C:\Users\poiut\Documents\product-tracking>npm list @nomiclabs/hardhat-ethers ethers hardhat
product-tracking@1.0.0 C:\Users\poiut\Documents\product-tracking
+-- @nomicfoundation/hardhat-toolbox@5.0.0
| +-- ethers@6.13.2 deduped
| `-- hardhat@2.22.7 deduped
+-- @nomiclabs/hardhat-ethers@2.2.3
| +-- ethers@6.13.2 deduped invalid: "^5.0.0" from node_modules/@nomiclabs/hardhat-ethers
| `-- hardhat@2.22.7 deduped
+-- @nomiclabs/hardhat-waffle@2.0.6
| +-- @nomiclabs/hardhat-ethers@2.2.3 deduped
| +-- ethers@6.13.2 deduped invalid: "^5.0.0" from node_modules/@nomiclabs/hardhat-ethers, "^5.0.0" from node_modules/@nomiclabs/hardhat-waffle
| `-- hardhat@2.22.7 deduped
+-- ethereum-waffle@4.0.10
| +-- @ethereum-waffle/chai@4.0.10
| | `-- ethers@6.13.2 deduped invalid: "^5.0.0" from node_modules/@nomiclabs/hardhat-ethers, "^5.0.0"from node_modules/@nomiclabs/hardhat-waffle
| +-- @ethereum-waffle/compiler@4.0.3
| | +-- @typechain/ethers-v5@10.2.1
| | | `-- ethers@6.13.2 deduped invalid: "^5.0.0" from node_modules/@nomiclabs/hardhat-ethers, "^5.0.0" from node_modules/@nomiclabs/hardhat-waffle, "^5.1.3" from node_modules/@typechain/ethers-v5
| | `-- ethers@6.13.2 deduped invalid: "^5.0.0" from node_modules/@nomiclabs/hardhat-ethers, "^5.0.0"from node_modules/@nomiclabs/hardhat-waffle
| +-- @ethereum-waffle/mock-contract@4.0.4
| | `-- ethers@6.13.2 deduped invalid: "^5.0.0" from node_modules/@nomiclabs/hardhat-ethers, "^5.0.0"from node_modules/@nomiclabs/hardhat-waffle
| +-- @ethereum-waffle/provider@4.0.5
| | +-- @ethereum-waffle/ens@4.0.3
| | | `-- ethers@6.13.2 deduped invalid: "^5.0.0" from node_modules/@nomiclabs/hardhat-ethers, "^5.0.0" from node_modules/@nomiclabs/hardhat-waffle, "^5.1.3" from node_modules/@typechain/ethers-v5
| | `-- ethers@6.13.2 deduped invalid: "^5.0.0" from node_modules/@nomiclabs/hardhat-ethers, "^5.0.0"from node_modules/@nomiclabs/hardhat-waffle
| `-- ethers@6.13.2 deduped invalid: "^5.0.0" from node_modules/@nomiclabs/hardhat-ethers, "^5.0.0" from node_modules/@nomiclabs/hardhat-waffle
+-- ethers@6.13.2 invalid: "^5.0.0" from node_modules/@nomiclabs/hardhat-ethers, "^5.0.0" from node_modules/@nomiclabs/hardhat-waffle
`-- hardhat@2.22.7

npm error code ELSPROBLEMS
npm error invalid: ethers@6.13.2 C:\Users\poiut\Documents\product-tracking\node_modules\ethers
npm error A complete log of this run can be found in: C:\Users\poiut\AppData\Local\npm-cache\_logs\2024-08-05T14_13_38_652Z-debug-0.log

C:\Users\poiut\Documents\product-tracking>rm -rf node_modules package-lock.json
'rm' is not recognized as an internal or external command,
operable program or batch file.

C:\Users\poiut\Documents\product-tracking>npm list @nomiclabs/hardhat-ethers ethers hardhat
product-tracking@1.0.0 C:\Users\poiut\Documents\product-tracking
+-- @nomicfoundation/hardhat-toolbox@5.0.0
| +-- ethers@6.13.2 deduped
| `-- hardhat@2.22.7 deduped
+-- @nomiclabs/hardhat-ethers@2.2.3
| +-- ethers@6.13.2 deduped invalid: "^5.0.0" from node_modules/@nomiclabs/hardhat-ethers
| `-- hardhat@2.22.7 deduped
+-- @nomiclabs/hardhat-waffle@2.0.6
| +-- @nomiclabs/hardhat-ethers@2.2.3 deduped
| +-- ethers@6.13.2 deduped invalid: "^5.0.0" from node_modules/@nomiclabs/hardhat-ethers, "^5.0.0" from node_modules/@nomiclabs/hardhat-waffle
| `-- hardhat@2.22.7 deduped
+-- ethereum-waffle@4.0.10
| +-- @ethereum-waffle/chai@4.0.10
| | `-- ethers@6.13.2 deduped invalid: "^5.0.0" from node_modules/@nomiclabs/hardhat-ethers, "^5.0.0"from node_modules/@nomiclabs/hardhat-waffle
| +-- @ethereum-waffle/compiler@4.0.3
| | +-- @typechain/ethers-v5@10.2.1
| | | `-- ethers@6.13.2 deduped invalid: "^5.0.0" from node_modules/@nomiclabs/hardhat-ethers, "^5.0.0" from node_modules/@nomiclabs/hardhat-waffle, "^5.1.3" from node_modules/@typechain/ethers-v5
| | `-- ethers@6.13.2 deduped invalid: "^5.0.0" from node_modules/@nomiclabs/hardhat-ethers, "^5.0.0"from node_modules/@nomiclabs/hardhat-waffle
| +-- @ethereum-waffle/mock-contract@4.0.4
| | `-- ethers@6.13.2 deduped invalid: "^5.0.0" from node_modules/@nomiclabs/hardhat-ethers, "^5.0.0"from node_modules/@nomiclabs/hardhat-waffle
| +-- @ethereum-waffle/provider@4.0.5
| | +-- @ethereum-waffle/ens@4.0.3
| | | `-- ethers@6.13.2 deduped invalid: "^5.0.0" from node_modules/@nomiclabs/hardhat-ethers, "^5.0.0" from node_modules/@nomiclabs/hardhat-waffle, "^5.1.3" from node_modules/@typechain/ethers-v5
| | `-- ethers@6.13.2 deduped invalid: "^5.0.0" from node_modules/@nomiclabs/hardhat-ethers, "^5.0.0"from node_modules/@nomiclabs/hardhat-waffle
| `-- ethers@6.13.2 deduped invalid: "^5.0.0" from node_modules/@nomiclabs/hardhat-ethers, "^5.0.0" from node_modules/@nomiclabs/hardhat-waffle
+-- ethers@6.13.2 invalid: "^5.0.0" from node_modules/@nomiclabs/hardhat-ethers, "^5.0.0" from node_modules/@nomiclabs/hardhat-waffle
`-- hardhat@2.22.7

npm error code ELSPROBLEMS
npm error invalid: ethers@6.13.2 C:\Users\poiut\Documents\product-tracking\node_modules\ethers
npm error A complete log of this run can be found in: C:\Users\poiut\AppData\Local\npm-cache\_logs\2024-08-05T14_18_09_304Z-debug-0.log

C:\Users\poiut\Documents\product-tracking>npm list @nomiclabs/hardhat-ethers ethers hardhat
product-tracking@1.0.0 C:\Users\poiut\Documents\product-tracking
+-- @nomicfoundation/hardhat-toolbox@5.0.0 extraneous
| +-- ethers@6.13.2 deduped
| `-- hardhat@2.22.7 deduped
+-- @nomiclabs/hardhat-ethers@2.2.3
| +-- ethers@6.13.2 deduped invalid: "^5.0.0" from node_modules/@nomiclabs/hardhat-ethers
| `-- hardhat@2.22.7 deduped
+-- @nomiclabs/hardhat-waffle@2.0.6
| +-- @nomiclabs/hardhat-ethers@2.2.3 deduped
| +-- ethers@6.13.2 deduped invalid: "^5.0.0" from node_modules/@nomiclabs/hardhat-ethers, "^5.0.0" from node_modules/@nomiclabs/hardhat-waffle
| `-- hardhat@2.22.7 deduped
+-- ethereum-waffle@4.0.10
| +-- @ethereum-waffle/chai@4.0.10
| | `-- ethers@6.13.2 deduped invalid: "^5.0.0" from node_modules/@nomiclabs/hardhat-ethers, "^5.0.0"from node_modules/@nomiclabs/hardhat-waffle
| +-- @ethereum-waffle/compiler@4.0.3
| | +-- @typechain/ethers-v5@10.2.1
| | | `-- ethers@6.13.2 deduped invalid: "^5.0.0" from node_modules/@nomiclabs/hardhat-ethers, "^5.0.0" from node_modules/@nomiclabs/hardhat-waffle, "^5.1.3" from node_modules/@typechain/ethers-v5
| | `-- ethers@6.13.2 deduped invalid: "^5.0.0" from node_modules/@nomiclabs/hardhat-ethers, "^5.0.0"from node_modules/@nomiclabs/hardhat-waffle
| +-- @ethereum-waffle/mock-contract@4.0.4
| | `-- ethers@6.13.2 deduped invalid: "^5.0.0" from node_modules/@nomiclabs/hardhat-ethers, "^5.0.0"from node_modules/@nomiclabs/hardhat-waffle
| +-- @ethereum-waffle/provider@4.0.5
| | +-- @ethereum-waffle/ens@4.0.3
| | | `-- ethers@6.13.2 deduped invalid: "^5.0.0" from node_modules/@nomiclabs/hardhat-ethers, "^5.0.0" from node_modules/@nomiclabs/hardhat-waffle, "^5.1.3" from node_modules/@typechain/ethers-v5
| | `-- ethers@6.13.2 deduped invalid: "^5.0.0" from node_modules/@nomiclabs/hardhat-ethers, "^5.0.0"from node_modules/@nomiclabs/hardhat-waffle
| `-- ethers@6.13.2 deduped invalid: "^5.0.0" from node_modules/@nomiclabs/hardhat-ethers, "^5.0.0" from node_modules/@nomiclabs/hardhat-waffle
+-- ethers@6.13.2 invalid: "^5.0.0" from node_modules/@nomiclabs/hardhat-ethers, "^5.0.0" from node_modules/@nomiclabs/hardhat-waffle
`-- hardhat@2.22.7

npm error code ELSPROBLEMS
npm error invalid: ethers@6.13.2 C:\Users\poiut\Documents\product-tracking\node_modules\ethers
npm error A complete log of this run can be found in: C:\Users\poiut\AppData\Local\npm-cache\_logs\2024-08-05T14_21_06_340Z-debug-0.log

C:\Users\poiut\Documents\product-tracking>npm install --save-dev @nomiclabs/hardhat-waffle ethereum-waffle chai @nomiclabs/hardhat-ethers ethers
npm error code ERESOLVE
npm error ERESOLVE unable to resolve dependency tree
npm error
npm error While resolving: product-tracking@1.0.0
npm error Found: ethers@6.13.2
npm error node_modules/ethers
npm error   dev ethers@"^6.13.2" from the root project
npm error
npm error Could not resolve dependency:
npm error peer ethers@"^5.0.0" from @nomiclabs/hardhat-ethers@2.2.3
npm error node_modules/@nomiclabs/hardhat-ethers
npm error   dev @nomiclabs/hardhat-ethers@"^2.0.6" from the root project
npm error
npm error Fix the upstream dependency conflict, or retry
npm error this command with --force or --legacy-peer-deps
npm error to accept an incorrect (and potentially broken) dependency resolution.
npm error
npm error
npm error For a full report see:
npm error C:\Users\poiut\AppData\Local\npm-cache\_logs\2024-08-05T14_22_08_594Z-eresolve-report.txt
npm error A complete log of this run can be found in: C:\Users\poiut\AppData\Local\npm-cache\_logs\2024-08-05T14_22_08_594Z-debug-0.log

C:\Users\poiut\Documents\product-tracking>npm install --save-dev @nomiclabs/hardhat-waffle ethereum-waffle chai @nomiclabs/hardhat-ethers ethers --legacy-peer-deps

up to date, audited 529 packages in 31s

78 packages are looking for funding
  run `npm fund` for details

35 vulnerabilities (27 low, 8 moderate)

To address issues that do not require attention, run:
  npm audit fix

To address all issues (including breaking changes), run:
  npm audit fix --force

Run `npm audit` for details.

C:\Users\poiut\Documents\product-tracking>npm list @nomiclabs/hardhat-ethers ethers hardhat
product-tracking@1.0.0 C:\Users\poiut\Documents\product-tracking
+-- @nomicfoundation/hardhat-toolbox@5.0.0
| +-- ethers@6.13.2 deduped
| `-- hardhat@2.22.7 deduped
+-- @nomiclabs/hardhat-ethers@2.2.3
| +-- ethers@6.13.2 deduped invalid: "^5.0.0" from node_modules/@nomiclabs/hardhat-ethers
| `-- hardhat@2.22.7 deduped
+-- @nomiclabs/hardhat-waffle@2.0.6
| +-- @nomiclabs/hardhat-ethers@2.2.3 deduped
| +-- ethers@6.13.2 deduped invalid: "^5.0.0" from node_modules/@nomiclabs/hardhat-ethers, "^5.0.0" from node_modules/@nomiclabs/hardhat-waffle
| `-- hardhat@2.22.7 deduped
+-- ethereum-waffle@4.0.10
| +-- @ethereum-waffle/chai@4.0.10
| | `-- ethers@6.13.2 deduped invalid: "^5.0.0" from node_modules/@nomiclabs/hardhat-ethers, "^5.0.0"from node_modules/@nomiclabs/hardhat-waffle
| +-- @ethereum-waffle/compiler@4.0.3
| | +-- @typechain/ethers-v5@10.2.1
| | | `-- ethers@6.13.2 deduped invalid: "^5.0.0" from node_modules/@nomiclabs/hardhat-ethers, "^5.0.0" from node_modules/@nomiclabs/hardhat-waffle, "^5.1.3" from node_modules/@typechain/ethers-v5
| | `-- ethers@6.13.2 deduped invalid: "^5.0.0" from node_modules/@nomiclabs/hardhat-ethers, "^5.0.0"from node_modules/@nomiclabs/hardhat-waffle
| +-- @ethereum-waffle/mock-contract@4.0.4
| | `-- ethers@6.13.2 deduped invalid: "^5.0.0" from node_modules/@nomiclabs/hardhat-ethers, "^5.0.0"from node_modules/@nomiclabs/hardhat-waffle
| +-- @ethereum-waffle/provider@4.0.5
| | +-- @ethereum-waffle/ens@4.0.3
| | | `-- ethers@6.13.2 deduped invalid: "^5.0.0" from node_modules/@nomiclabs/hardhat-ethers, "^5.0.0" from node_modules/@nomiclabs/hardhat-waffle, "^5.1.3" from node_modules/@typechain/ethers-v5
| | `-- ethers@6.13.2 deduped invalid: "^5.0.0" from node_modules/@nomiclabs/hardhat-ethers, "^5.0.0"from node_modules/@nomiclabs/hardhat-waffle
| `-- ethers@6.13.2 deduped invalid: "^5.0.0" from node_modules/@nomiclabs/hardhat-ethers, "^5.0.0" from node_modules/@nomiclabs/hardhat-waffle
+-- ethers@6.13.2 invalid: "^5.0.0" from node_modules/@nomiclabs/hardhat-ethers, "^5.0.0" from node_modules/@nomiclabs/hardhat-waffle
`-- hardhat@2.22.7

npm error code ELSPROBLEMS
npm error invalid: ethers@6.13.2 C:\Users\poiut\Documents\product-tracking\node_modules\ethers
npm error A complete log of this run can be found in: C:\Users\poiut\AppData\Local\npm-cache\_logs\2024-08-05T14_25_19_922Z-debug-0.log

C:\Users\poiut\Documents\product-tracking>npm list @nomiclabs/hardhat-ethers ethers hardhat
product-tracking@1.0.0 C:\Users\poiut\Documents\product-tracking
+-- @nomicfoundation/hardhat-toolbox@5.0.0 invalid: "^6.13.2" from the root project
| +-- ethers@6.13.2 deduped
| `-- hardhat@2.22.7 deduped
+-- @nomiclabs/hardhat-ethers@2.2.3
| +-- ethers@6.13.2 deduped invalid: "^5.0.0" from node_modules/@nomiclabs/hardhat-ethers
| `-- hardhat@2.22.7 deduped
+-- @nomiclabs/hardhat-waffle@2.0.6
| +-- @nomiclabs/hardhat-ethers@2.2.3 deduped
| +-- ethers@6.13.2 deduped invalid: "^5.0.0" from node_modules/@nomiclabs/hardhat-ethers, "^5.0.0" from node_modules/@nomiclabs/hardhat-waffle
| `-- hardhat@2.22.7 deduped
+-- ethereum-waffle@4.0.10
| +-- @ethereum-waffle/chai@4.0.10
| | `-- ethers@6.13.2 deduped invalid: "^5.0.0" from node_modules/@nomiclabs/hardhat-ethers, "^5.0.0"from node_modules/@nomiclabs/hardhat-waffle
| +-- @ethereum-waffle/compiler@4.0.3
| | +-- @typechain/ethers-v5@10.2.1
| | | `-- ethers@6.13.2 deduped invalid: "^5.0.0" from node_modules/@nomiclabs/hardhat-ethers, "^5.0.0" from node_modules/@nomiclabs/hardhat-waffle, "^5.1.3" from node_modules/@typechain/ethers-v5
| | `-- ethers@6.13.2 deduped invalid: "^5.0.0" from node_modules/@nomiclabs/hardhat-ethers, "^5.0.0"from node_modules/@nomiclabs/hardhat-waffle
| +-- @ethereum-waffle/mock-contract@4.0.4
| | `-- ethers@6.13.2 deduped invalid: "^5.0.0" from node_modules/@nomiclabs/hardhat-ethers, "^5.0.0"from node_modules/@nomiclabs/hardhat-waffle
| +-- @ethereum-waffle/provider@4.0.5
| | +-- @ethereum-waffle/ens@4.0.3
| | | `-- ethers@6.13.2 deduped invalid: "^5.0.0" from node_modules/@nomiclabs/hardhat-ethers, "^5.0.0" from node_modules/@nomiclabs/hardhat-waffle, "^5.1.3" from node_modules/@typechain/ethers-v5
| | `-- ethers@6.13.2 deduped invalid: "^5.0.0" from node_modules/@nomiclabs/hardhat-ethers, "^5.0.0"from node_modules/@nomiclabs/hardhat-waffle
| `-- ethers@6.13.2 deduped invalid: "^5.0.0" from node_modules/@nomiclabs/hardhat-ethers, "^5.0.0" from node_modules/@nomiclabs/hardhat-waffle
+-- ethers@6.13.2 invalid: "^5.0.0" from node_modules/@nomiclabs/hardhat-ethers, "^5.0.0" from node_modules/@nomiclabs/hardhat-waffle
`-- hardhat@2.22.7

npm error code ELSPROBLEMS
npm error invalid: ethers@6.13.2 C:\Users\poiut\Documents\product-tracking\node_modules\ethers
npm error A complete log of this run can be found in: C:\Users\poiut\AppData\Local\npm-cache\_logs\2024-08-05T14_27_56_559Z-debug-0.log

C:\Users\poiut\Documents\product-tracking>rm -rf node_modules package-lock.json
'rm' is not recognized as an internal or external command,
operable program or batch file.

C:\Users\poiut\Documents\product-tracking>rmdir /s /q node_modules
node_modules\@NOMIC~1\EDR-WI~1\edr.win32-x64-msvc.node - Access is denied.
node_modules\keccak\PREBUI~1\WIN32-~1\node.napi.node - Access is denied.
node_modules\SECP25~1\PREBUI~1\WIN32-~1\node.napi.node - Access is denied.

C:\Users\poiut\Documents\product-tracking>npx hardhat node
npm error code ENOENT
npm error syscall lstat
npm error path C:\Users\poiut\AppData\Roaming\npm
npm error errno -4058
npm error enoent ENOENT: no such file or directory, lstat 'C:\Users\poiut\AppData\Roaming\npm'
npm error enoent This is related to npm not being able to find a file.
npm error enoent
npm error A complete log of this run can be found in: C:\Users\poiut\AppData\Local\npm-cache\_logs\2024-08-05T14_59_20_810Z-debug-0.log

C:\Users\poiut\Documents\product-tracking>dir
 Volume in drive C has no label.
 Volume Serial Number is 86AC-EB6E

 Directory of C:\Users\poiut\Documents\product-tracking

08/06/2024  12:33 AM    <DIR>          .
08/05/2024  11:19 PM    <DIR>          ..
08/05/2024  11:32 PM               257 .gitignore
08/06/2024  12:12 AM    <DIR>          artifacts
08/06/2024  12:12 AM    <DIR>          cache
08/06/2024  12:01 AM    <DIR>          contracts
08/06/2024  12:58 AM               498 hardhat.config.js
08/05/2024  11:32 PM    <DIR>          ignition
08/06/2024  12:30 AM    <DIR>          node_modules
08/06/2024  12:23 AM           250,652 package-lock.json
08/06/2024  12:27 AM               501 package.json
08/05/2024  11:29 PM               390 README.md
08/06/2024  12:33 AM                 0 rmdir
08/06/2024  12:03 AM    <DIR>          scripts
08/05/2024  11:32 PM    <DIR>          test
               6 File(s)        252,298 bytes
               9 Dir(s)  70,749,822,976 bytes free

C:\Users\poiut\Documents\product-tracking>npx hardhat node
Error HH12: Trying to use a non-local installation of Hardhat, which is not supported.
Please install Hardhat locally using npm or Yarn, and try again.

For more info go to https://hardhat.org/HH12 or run Hardhat with --show-stack-traces

C:\Users\poiut\Documents\product-tracking>npx hardhat run scripts/deploy.js --network localhost
ProductTracking deployed to: 0x5FbDB2315678afecb367f032d93F642f64180aa3

C:\Users\poiut\Documents\product-tracking>npx hardhat compile
Nothing to compile

C:\Users\poiut\Documents\product-tracking>npm start
npm error Missing script: "start"
npm error
npm error Did you mean one of these?
npm error   npm star # Mark your favorite packages
npm error   npm stars # View packages marked as favorites
npm error
npm error To see a list of scripts, run:
npm error   npm run
npm error A complete log of this run can be found in: C:\Users\poiut\AppData\Local\npm-cache\_logs\2024-08-05T15_47_17_412Z-debug-0.log

C:\Users\poiut\Documents\product-tracking>npm start
npm error Missing script: "start"
npm error
npm error Did you mean one of these?
npm error   npm star # Mark your favorite packages
npm error   npm stars # View packages marked as favorites
npm error
npm error To see a list of scripts, run:
npm error   npm run
npm error A complete log of this run can be found in: C:\Users\poiut\AppData\Local\npm-cache\_logs\2024-08-05T15_49_47_881Z-debug-0.log

C:\Users\poiut\Documents\product-tracking>npx hardhat run scripts/deploy.js --network localhost
ProductTracking deployed to: 0xe7f1725E7734CE288F8367e1Bb143E90bb3F0512

C:\Users\poiut\Documents\product-tracking>npm install @mui/material @emotion/react @emotion/styled

added 79 packages, and audited 606 packages in 33s

99 packages are looking for funding
  run `npm fund` for details

32 vulnerabilities (26 low, 6 high)

To address issues that do not require attention, run:
  npm audit fix

To address all issues (including breaking changes), run:
  npm audit fix --force

Run `npm audit` for details.

C:\Users\poiut\Documents\product-tracking>npm ls react react-dom
product-tracking@1.0.0 C:\Users\poiut\Documents\product-tracking
+-- @emotion/react@11.13.0
| +-- @emotion/use-insertion-effect-with-fallbacks@1.1.0
| | `-- react@18.3.1 deduped
| `-- react@18.3.1
+-- @emotion/styled@11.13.0
| `-- react@18.3.1 deduped
`-- @mui/material@5.16.6
  +-- @mui/system@5.16.6
  | +-- @mui/private-theming@5.16.6
  | | `-- react@18.3.1 deduped
  | +-- @mui/styled-engine@5.16.6
  | | `-- react@18.3.1 deduped
  | `-- react@18.3.1 deduped
  +-- @mui/utils@5.16.6
  | `-- react@18.3.1 deduped
  +-- react-dom@18.3.1
  | `-- react@18.3.1 deduped
  +-- react-transition-group@4.4.5
  | +-- react-dom@18.3.1 deduped
  | `-- react@18.3.1 deduped
  `-- react@18.3.1 deduped


C:\Users\poiut\Documents\product-tracking>npm install styled-components

added 15 packages, and audited 621 packages in 25s

103 packages are looking for funding
  run `npm fund` for details

32 vulnerabilities (26 low, 6 high)

To address issues that do not require attention, run:
  npm audit fix

To address all issues (including breaking changes), run:
  npm audit fix --force

Run `npm audit` for details.

C:\Users\poiut\Documents\product-tracking>npm start
npm error Missing script: "start"
npm error
npm error Did you mean one of these?
npm error   npm star # Mark your favorite packages
npm error   npm stars # View packages marked as favorites
npm error
npm error To see a list of scripts, run:
npm error   npm run
npm error A complete log of this run can be found in: C:\Users\poiut\AppData\Local\npm-cache\_logs\2024-08-05T18_44_07_996Z-debug-0.log

C:\Users\poiut\Documents\product-tracking>npx hardhat compile
Nothing to compile

C:\Users\poiut\Documents\product-tracking>npm install --save-dev @nomiclabs/hardhat-waffle ethereum-waffle chai @nomiclabs/hardhat-ethers ethers
